env:
  host: google.com
  port: 8080

resolved:
  url: http://google.com:8080/api
  user: admin
  pass: nopasswordgiven