this is the
best thing
this is
a flat
statement
that is included
that i have
seen